// Jest Snapshot v1, https://goo.gl/fbAQLP

exports[`renders homepage unchanged 1`] = `
<div>
  <main
    class="main"
  >
    <div
      class="header"
    >
      <h1>
        Ichat
      </h1>
    </div>
    <div
      class="MuiBox-root css-sfnwl5"
    >
      <h5
        class="MuiTypography-root MuiTypography-h5 css-m7062h-MuiTypography-root"
        id="alert-dialog-title"
      >
        Login
      </h5>
      <div
        class="MuiBox-root css-1z13ce1"
      >
        <form
          autocomplete="off"
          novalidate=""
          style="display: flex; flex-direction: column; min-width: 330px;"
        >
          <div
            class="MuiFormControl-root MuiTextField-root css-1u3bzj6-MuiFormControl-root-MuiTextField-root"
            style="opacity: 1;"
          >
            <label
              class="MuiFormLabel-root MuiInputLabel-root MuiInputLabel-formControl MuiInputLabel-animated MuiInputLabel-filled MuiFormLabel-colorPrimary MuiInputLabel-root MuiInputLabel-formControl MuiInputLabel-animated MuiInputLabel-filled css-66pg4s-MuiFormLabel-root-MuiInputLabel-root"
              data-shrink="false"
              for="username"
              id="username-label"
            >
              Username
            </label>
            <div
              class="MuiInputBase-root MuiFilledInput-root MuiFilledInput-underline MuiInputBase-colorPrimary MuiInputBase-formControl css-1232ga0-MuiInputBase-root-MuiFilledInput-root"
            >
              <input
                aria-invalid="false"
                autocomplete="username"
                class="MuiInputBase-input MuiFilledInput-input css-10botns-MuiInputBase-input-MuiFilledInput-input"
                id="username"
                type="text"
                value=""
              />
            </div>
          </div>
          <div
            class="MuiFormControl-root MuiTextField-root css-1u3bzj6-MuiFormControl-root-MuiTextField-root"
          >
            <label
              class="MuiFormLabel-root MuiInputLabel-root MuiInputLabel-formControl MuiInputLabel-animated MuiInputLabel-filled MuiFormLabel-colorPrimary MuiInputLabel-root MuiInputLabel-formControl MuiInputLabel-animated MuiInputLabel-filled css-66pg4s-MuiFormLabel-root-MuiInputLabel-root"
              data-shrink="false"
              for="password"
              id="password-label"
            >
              Password
            </label>
            <div
              class="MuiInputBase-root MuiFilledInput-root MuiFilledInput-underline MuiInputBase-colorPrimary MuiInputBase-formControl css-1232ga0-MuiInputBase-root-MuiFilledInput-root"
            >
              <input
                aria-invalid="false"
                autocomplete="current-password"
                class="MuiInputBase-input MuiFilledInput-input css-10botns-MuiInputBase-input-MuiFilledInput-input"
                id="password"
                type="password"
                value=""
              />
            </div>
          </div>
          <button
            class="MuiButtonBase-root MuiButton-root MuiButton-contained MuiButton-containedPrimary MuiButton-sizeMedium MuiButton-containedSizeMedium MuiButton-root MuiButton-contained MuiButton-containedPrimary MuiButton-sizeMedium MuiButton-containedSizeMedium css-1erey2v-MuiButtonBase-root-MuiButton-root"
            style="margin: 20px 0px 5px 0px;"
            tabindex="0"
            type="button"
          >
            Login
            <span
              class="MuiTouchRipple-root css-8je8zh-MuiTouchRipple-root"
            />
          </button>
          <div>
             
            <div
              class="MuiFormGroup-root MuiFormGroup-row css-qfz70r-MuiFormGroup-root"
            >
              <label
                class="MuiFormControlLabel-root MuiFormControlLabel-labelPlacementEnd css-j204z7-MuiFormControlLabel-root"
              >
                <span
                  class="MuiButtonBase-root MuiCheckbox-root MuiCheckbox-colorPrimary PrivateSwitchBase-root MuiCheckbox-root MuiCheckbox-colorPrimary MuiCheckbox-root MuiCheckbox-colorPrimary css-1hcu6u7-MuiButtonBase-root-MuiCheckbox-root"
                >
                  <input
                    class="PrivateSwitchBase-input css-1m9pwf3"
                    data-indeterminate="false"
                    name="checkedA"
                    type="checkbox"
                  />
                  <svg
                    aria-hidden="true"
                    class="MuiSvgIcon-root MuiSvgIcon-fontSizeMedium css-i4bv87-MuiSvgIcon-root"
                    data-testid="CheckBoxOutlineBlankIcon"
                    focusable="false"
                    viewBox="0 0 24 24"
                  >
                    <path
                      d="M19 5v14H5V5h14m0-2H5c-1.1 0-2 .9-2 2v14c0 1.1.9 2 2 2h14c1.1 0 2-.9 2-2V5c0-1.1-.9-2-2-2z"
                    />
                  </svg>
                  <span
                    class="MuiTouchRipple-root css-8je8zh-MuiTouchRipple-root"
                  />
                </span>
                <span
                  class="MuiTypography-root MuiTypography-body1 css-8igq4-MuiTypography-root"
                  style="font-size: 0.8rem;"
                >
                  Remember me
                </span>
              </label>
            </div>
          </div>
        </form>
      </div>
      <div
        class="MuiBox-root css-1b91h5r"
      >
        <button
          class="MuiButtonBase-root MuiButton-root MuiButton-text MuiButton-textPrimary MuiButton-sizeMedium MuiButton-textSizeMedium MuiButton-root MuiButton-text MuiButton-textPrimary MuiButton-sizeMedium MuiButton-textSizeMedium css-1ejy5qo-MuiButtonBase-root-MuiButton-root"
          tabindex="0"
          type="button"
        >
          New on Ichat ? 
          <span
            class="MuiTouchRipple-root css-8je8zh-MuiTouchRipple-root"
          />
        </button>
      </div>
    </div>
  </main>
</div>
`;
